// Jest Snapshot v1, https://goo.gl/fbAQLP

exports[`insightViewCodeGenerator tests should generate code for insight 1`] = `
"import React from \\"react\\";
import { InsightView } from \\"@gooddata/sdk-ui-ext\\";

const insight = \\"AreaChart.0229f24b92f336871eeb04e1e16c4e68\\";
const showTitle = \\"AreaChart - 440x154 - Force position TOP, max 1 row, Gradient legend normal - legend on top\\";
const style = {height: 400};

export function MyComponent() {
    return (
        <div style={style}>
            <InsightView
                insight={insight}
                showTitle={showTitle}
            />
        </div>
    );
}
"
`;
