// Jest Snapshot v1, https://goo.gl/fbAQLP

exports[`GeoChartInner should use custom Legend renderer 1`] = `
Object {
  "categoryItems": Array [
    Object {
      "color": "rgb(20,178,226)",
      "isVisible": true,
      "legendIndex": 0,
      "name": "Florida",
      "uri": "/gdc/md/liveexamplesworkspace/obj/9461/elements?id=6340105",
    },
    Object {
      "color": "rgb(0,193,141)",
      "isVisible": true,
      "legendIndex": 1,
      "name": "Texas",
      "uri": "/gdc/md/liveexamplesworkspace/obj/9461/elements?id=4436534",
    },
    Object {
      "color": "rgb(229,77,66)",
      "isVisible": true,
      "legendIndex": 2,
      "name": "California",
      "uri": "/gdc/md/liveexamplesworkspace/obj/9461/elements?id=6340116",
    },
  ],
  "colorLegendValue": "rgb(20,178,226)",
  "containerId": Any<String>,
  "contentRect": undefined,
  "format": "#,##0.00",
  "geoData": Object {
    "color": Object {
      "data": Array [
        4969,
        256,
        56,
        0,
        1856,
        1305,
        628,
        982,
        1683,
        3295,
        7286,
      ],
      "format": "#,##0.00",
      "index": 1,
      "name": "Density",
    },
    "location": Object {
      "data": Array [
        Object {
          "lat": 25.7839,
          "lng": -80.2102,
        },
        Object {
          "lat": 26.2181,
          "lng": -98.418,
        },
        Object {
          "lat": 26.2585,
          "lng": -97.695,
        },
        Object {
          "lat": 26.3024,
          "lng": -98.6425,
        },
        Object {
          "lat": 26.5281,
          "lng": -80.0811,
        },
        Object {
          "lat": 27.9942,
          "lng": -82.4451,
        },
        Object {
          "lat": 28.2405,
          "lng": -82.1796,
        },
        Object {
          "lat": 28.4772,
          "lng": -81.3369,
        },
        Object {
          "lat": 32.8312,
          "lng": -117.1225,
        },
        Object {
          "lat": 34.1139,
          "lng": -118.4068,
        },
        Object {
          "lat": 37.7562,
          "lng": -122.443,
        },
      ],
      "index": 0,
      "name": "City",
    },
    "segment": Object {
      "data": Array [
        "Florida",
        "Texas",
        "Texas",
        "Texas",
        "Florida",
        "Florida",
        "Florida",
        "Florida",
        "California",
        "California",
        "California",
      ],
      "index": 1,
      "name": "State Name",
      "uris": Array [
        "/gdc/md/liveexamplesworkspace/obj/9461/elements?id=6340105",
        "/gdc/md/liveexamplesworkspace/obj/9461/elements?id=4436534",
        "/gdc/md/liveexamplesworkspace/obj/9461/elements?id=4436534",
        "/gdc/md/liveexamplesworkspace/obj/9461/elements?id=4436534",
        "/gdc/md/liveexamplesworkspace/obj/9461/elements?id=6340105",
        "/gdc/md/liveexamplesworkspace/obj/9461/elements?id=6340105",
        "/gdc/md/liveexamplesworkspace/obj/9461/elements?id=6340105",
        "/gdc/md/liveexamplesworkspace/obj/9461/elements?id=6340105",
        "/gdc/md/liveexamplesworkspace/obj/9461/elements?id=6340116",
        "/gdc/md/liveexamplesworkspace/obj/9461/elements?id=6340116",
        "/gdc/md/liveexamplesworkspace/obj/9461/elements?id=6340116",
      ],
    },
    "size": Object {
      "data": Array [
        6381966,
        2228,
        121,
        0,
        77702,
        2804240,
        76416,
        1776841,
        3210314,
        1.28,
        3603761,
      ],
      "format": "#,##0.00",
      "index": 0,
      "name": "Population",
    },
    "tooltipText": Object {
      "data": Array [
        "Miami",
        "Abram",
        "Lasana",
        "Longoria",
        "Boynton Beach",
        "Tampa",
        "Zephyrhills",
        "Orlando",
        "San Diego",
        "Los Angeles",
        "San Francisco",
      ],
      "index": 2,
      "name": "City",
    },
  },
  "height": 600,
  "isFluidLegend": false,
  "locale": undefined,
  "maxRows": undefined,
  "name": undefined,
  "onItemClick": [Function],
  "position": "top",
  "renderPopUp": false,
  "responsive": undefined,
}
`;
