// Jest Snapshot v1, https://goo.gl/fbAQLP

exports[`GeoChartOptionsWrapper should return geoChartOptions in props with location bucket 1`] = `
Object {
  "categoryItems": Array [],
  "colorPalette": Array [
    Object {
      "fill": Object {
        "b": 226,
        "g": 178,
        "r": 20,
      },
      "guid": "1",
    },
    Object {
      "fill": Object {
        "b": 141,
        "g": 193,
        "r": 0,
      },
      "guid": "2",
    },
  ],
  "colorStrategy": GeoChartColorStrategy {
    "fullColorAssignment": Array [
      Object {
        "color": Object {
          "type": "guid",
          "value": "1",
        },
        "headerItem": Object {
          "attributeHeader": Object {
            "formOf": Object {
              "identifier": "attr.uscities.city",
              "name": "City",
              "ref": Object {
                "uri": "/gdc/md/liveexamplesworkspace/obj/9458",
              },
              "uri": "/gdc/md/liveexamplesworkspace/obj/9458",
            },
            "identifier": "label.uscities.city.location",
            "localIdentifier": "a_label.uscities.city.location",
            "name": "location",
            "ref": Object {
              "uri": "/gdc/md/liveexamplesworkspace/obj/9459",
            },
            "type": "GDC.geo.pin",
            "uri": "/gdc/md/liveexamplesworkspace/obj/9459",
          },
        },
      },
    ],
    "outputColorAssignment": Array [
      Object {
        "color": Object {
          "type": "guid",
          "value": "1",
        },
        "headerItem": Object {
          "attributeHeader": Object {
            "formOf": Object {
              "identifier": "attr.uscities.city",
              "name": "City",
              "ref": Object {
                "uri": "/gdc/md/liveexamplesworkspace/obj/9458",
              },
              "uri": "/gdc/md/liveexamplesworkspace/obj/9458",
            },
            "identifier": "label.uscities.city.location",
            "localIdentifier": "a_label.uscities.city.location",
            "name": "location",
            "ref": Object {
              "uri": "/gdc/md/liveexamplesworkspace/obj/9459",
            },
            "type": "GDC.geo.pin",
            "uri": "/gdc/md/liveexamplesworkspace/obj/9459",
          },
        },
      },
    ],
    "palette": Array [
      "rgb(20,178,226)",
    ],
    "theme": undefined,
  },
  "geoData": Object {
    "location": Object {
      "data": Array [
        Object {
          "lat": 18.0722,
          "lng": -66.7458,
        },
        Object {
          "lat": 18.0727,
          "lng": -66.6077,
        },
        Object {
          "lat": 18.0729,
          "lng": -65.8976,
        },
        Object {
          "lat": 21.2975,
          "lng": -157.7211,
        },
        Object {
          "lat": 21.3294,
          "lng": -157.846,
        },
        Object {
          "lat": 21.4031,
          "lng": -157.9566,
        },
        Object {
          "lat": 25.7839,
          "lng": -80.2102,
        },
        Object {
          "lat": 26.2181,
          "lng": -98.418,
        },
        Object {
          "lat": 26.2585,
          "lng": -97.695,
        },
        Object {
          "lat": 26.3024,
          "lng": -98.6425,
        },
      ],
      "index": 0,
      "name": "City",
    },
  },
}
`;

exports[`GeoChartOptionsWrapper should return geoChartOptions with full buckets 1`] = `
Object {
  "categoryItems": Array [
    Object {
      "color": "rgb(20,178,226)",
      "isVisible": true,
      "legendIndex": 0,
      "name": "Florida",
      "uri": "/gdc/md/liveexamplesworkspace/obj/9461/elements?id=6340105",
    },
    Object {
      "color": "rgb(0,193,141)",
      "isVisible": true,
      "legendIndex": 1,
      "name": "Texas",
      "uri": "/gdc/md/liveexamplesworkspace/obj/9461/elements?id=4436534",
    },
    Object {
      "color": "rgb(229,77,66)",
      "isVisible": true,
      "legendIndex": 2,
      "name": "California",
      "uri": "/gdc/md/liveexamplesworkspace/obj/9461/elements?id=6340116",
    },
  ],
  "colorPalette": Array [
    Object {
      "fill": Object {
        "b": 226,
        "g": 178,
        "r": 20,
      },
      "guid": "1",
    },
    Object {
      "fill": Object {
        "b": 141,
        "g": 193,
        "r": 0,
      },
      "guid": "2",
    },
    Object {
      "fill": Object {
        "b": 66,
        "g": 77,
        "r": 229,
      },
      "guid": "3",
    },
    Object {
      "fill": Object {
        "b": 0,
        "g": 134,
        "r": 241,
      },
      "guid": "4",
    },
    Object {
      "fill": Object {
        "b": 163,
        "g": 85,
        "r": 171,
      },
      "guid": "5",
    },
  ],
  "colorStrategy": GeoChartColorStrategy {
    "fullColorAssignment": Array [
      Object {
        "color": Object {
          "type": "guid",
          "value": "1",
        },
        "headerItem": Object {
          "attributeHeaderItem": Object {
            "name": "Florida",
            "uri": "/gdc/md/liveexamplesworkspace/obj/9461/elements?id=6340105",
          },
        },
      },
      Object {
        "color": Object {
          "type": "guid",
          "value": "2",
        },
        "headerItem": Object {
          "attributeHeaderItem": Object {
            "name": "Texas",
            "uri": "/gdc/md/liveexamplesworkspace/obj/9461/elements?id=4436534",
          },
        },
      },
      Object {
        "color": Object {
          "type": "guid",
          "value": "3",
        },
        "headerItem": Object {
          "attributeHeaderItem": Object {
            "name": "California",
            "uri": "/gdc/md/liveexamplesworkspace/obj/9461/elements?id=6340116",
          },
        },
      },
    ],
    "outputColorAssignment": Array [
      Object {
        "color": Object {
          "type": "guid",
          "value": "1",
        },
        "headerItem": Object {
          "attributeHeaderItem": Object {
            "name": "Florida",
            "uri": "/gdc/md/liveexamplesworkspace/obj/9461/elements?id=6340105",
          },
        },
      },
      Object {
        "color": Object {
          "type": "guid",
          "value": "2",
        },
        "headerItem": Object {
          "attributeHeaderItem": Object {
            "name": "Texas",
            "uri": "/gdc/md/liveexamplesworkspace/obj/9461/elements?id=4436534",
          },
        },
      },
      Object {
        "color": Object {
          "type": "guid",
          "value": "3",
        },
        "headerItem": Object {
          "attributeHeaderItem": Object {
            "name": "California",
            "uri": "/gdc/md/liveexamplesworkspace/obj/9461/elements?id=6340116",
          },
        },
      },
    ],
    "palette": Array [
      "rgb(20,178,226)",
      "rgb(0,193,141)",
      "rgb(229,77,66)",
    ],
    "theme": undefined,
  },
  "geoData": Object {
    "color": Object {
      "data": Array [
        4969,
        256,
        56,
        0,
        1856,
        1305,
        628,
        982,
        1683,
        3295,
        7286,
      ],
      "format": "#,##0.00",
      "index": 1,
      "name": "Density",
    },
    "location": Object {
      "data": Array [
        Object {
          "lat": 25.7839,
          "lng": -80.2102,
        },
        Object {
          "lat": 26.2181,
          "lng": -98.418,
        },
        Object {
          "lat": 26.2585,
          "lng": -97.695,
        },
        Object {
          "lat": 26.3024,
          "lng": -98.6425,
        },
        Object {
          "lat": 26.5281,
          "lng": -80.0811,
        },
        Object {
          "lat": 27.9942,
          "lng": -82.4451,
        },
        Object {
          "lat": 28.2405,
          "lng": -82.1796,
        },
        Object {
          "lat": 28.4772,
          "lng": -81.3369,
        },
        Object {
          "lat": 32.8312,
          "lng": -117.1225,
        },
        Object {
          "lat": 34.1139,
          "lng": -118.4068,
        },
        Object {
          "lat": 37.7562,
          "lng": -122.443,
        },
      ],
      "index": 0,
      "name": "City",
    },
    "segment": Object {
      "data": Array [
        "Florida",
        "Texas",
        "Texas",
        "Texas",
        "Florida",
        "Florida",
        "Florida",
        "Florida",
        "California",
        "California",
        "California",
      ],
      "index": 1,
      "name": "State Name",
      "uris": Array [
        "/gdc/md/liveexamplesworkspace/obj/9461/elements?id=6340105",
        "/gdc/md/liveexamplesworkspace/obj/9461/elements?id=4436534",
        "/gdc/md/liveexamplesworkspace/obj/9461/elements?id=4436534",
        "/gdc/md/liveexamplesworkspace/obj/9461/elements?id=4436534",
        "/gdc/md/liveexamplesworkspace/obj/9461/elements?id=6340105",
        "/gdc/md/liveexamplesworkspace/obj/9461/elements?id=6340105",
        "/gdc/md/liveexamplesworkspace/obj/9461/elements?id=6340105",
        "/gdc/md/liveexamplesworkspace/obj/9461/elements?id=6340105",
        "/gdc/md/liveexamplesworkspace/obj/9461/elements?id=6340116",
        "/gdc/md/liveexamplesworkspace/obj/9461/elements?id=6340116",
        "/gdc/md/liveexamplesworkspace/obj/9461/elements?id=6340116",
      ],
    },
    "size": Object {
      "data": Array [
        6381966,
        2228,
        121,
        0,
        77702,
        2804240,
        76416,
        1776841,
        3210314,
        1.28,
        3603761,
      ],
      "format": "#,##0.00",
      "index": 0,
      "name": "Population",
    },
    "tooltipText": Object {
      "data": Array [
        "Miami",
        "Abram",
        "Lasana",
        "Longoria",
        "Boynton Beach",
        "Tampa",
        "Zephyrhills",
        "Orlando",
        "San Diego",
        "Los Angeles",
        "San Francisco",
      ],
      "index": 2,
      "name": "City",
    },
  },
}
`;
