// Jest Snapshot v1, https://goo.gl/fbAQLP

exports[`BulletChartDescriptor should generate embedding code without context 1`] = `
"import React from \\"react\\";
import { idRef, newArithmeticMeasure, newAttribute, newMeasure } from \\"@gooddata/sdk-model\\";
import { BulletChart } from \\"@gooddata/sdk-ui-charts\\";

const primaryMeasure = newMeasure(idRef(\\"aangOxLSeztu\\", \\"measure\\"), m => m.alias(\\"Custom Amount alias\\").localId(\\"m_aangOxLSeztu\\"));
const targetMeasure = newMeasure(idRef(\\"fact.stagehistory.velocity\\", \\"fact\\"), m => m.alias(\\"Custom Velocity alias\\").localId(\\"m_fact.stagehistory.velocity_sum\\").aggregation(\\"sum\\"));
const comparativeMeasure = newArithmeticMeasure([
    \\"m_aangOxLSeztu\\",
    \\"m_fact.stagehistory.velocity_sum\\"
], \\"multiplication\\", m => m.localId(\\"m_c6749e63f72397f69c8d6297c734abd9\\").title(\\"Velocity times Amount\\"));
const viewBy = [
    newAttribute(idRef(\\"label.owner.region\\", \\"displayForm\\"), a => a.alias(\\"Custom Region alias\\").localId(\\"a_label.owner.region\\"))
];
const style = { height: 400 };

function MyComponent() {
    return (
        <div style={style}>
            <BulletChart
                primaryMeasure={primaryMeasure}
                targetMeasure={targetMeasure}
                comparativeMeasure={comparativeMeasure}
                viewBy={viewBy}
            />
        </div>
    );
}
"
`;
