// Jest Snapshot v1, https://goo.gl/fbAQLP

exports[`change layout section header handler for any dashboard should emit the correct events 1`] = `
Array [
  Object {
    "commandType": "GDC.DASH/CMD.FLUID_LAYOUT.CHANGE_SECTION_HEADER",
    "correlationId": "testCorrelationId",
    "type": "GDC.DASH/EVT.COMMAND.STARTED",
  },
  Object {
    "correlationId": "testCorrelationId",
    "type": "GDC.DASH/EVT.FLUID_LAYOUT.SECTION_HEADER_CHANGED",
  },
]
`;
