// Jest Snapshot v1, https://goo.gl/fbAQLP

exports[`move section command handler for dashboard with three sections should emit correct event 1`] = `
Array [
  Object {
    "commandType": "GDC.DASH/CMD.FLUID_LAYOUT.MOVE_SECTION",
    "correlationId": "testCorrelationId",
    "type": "GDC.DASH/EVT.COMMAND.STARTED",
  },
  Object {
    "correlationId": "testCorrelationId",
    "type": "GDC.DASH/EVT.FLUID_LAYOUT.SECTION_MOVED",
  },
]
`;
