// Jest Snapshot v1, https://goo.gl/fbAQLP

exports[`replace section item handler for dashboard with existing sections should emit correct events 1`] = `
Array [
  Object {
    "correlationId": "testCorrelationId",
    "type": "GDC.DASH/EVT.FLUID_LAYOUT.ITEM_REPLACED",
  },
]
`;
