// Jest Snapshot v1, https://goo.gl/fbAQLP

exports[`bear execution should execute with totals in attribute bucket 1`] = `
BearPreparedExecution {
  "authCall": [Function],
  "definition": Object {
    "attributes": Array [
      Object {
        "attribute": Object {
          "displayForm": Object {
            "identifier": "label.owner.department",
            "type": "displayForm",
          },
          "localIdentifier": "a_label.owner.department",
        },
      },
    ],
    "buckets": Array [
      Object {
        "items": Array [
          Object {
            "measure": Object {
              "definition": Object {
                "measureDefinition": Object {
                  "item": Object {
                    "identifier": "aangOxLSeztu",
                    "type": "measure",
                  },
                },
              },
              "localIdentifier": "m_aangOxLSeztu",
            },
          },
        ],
        "localIdentifier": "measures",
      },
      Object {
        "items": Array [
          Object {
            "attribute": Object {
              "displayForm": Object {
                "identifier": "label.owner.department",
                "type": "displayForm",
              },
              "localIdentifier": "a_label.owner.department",
            },
          },
        ],
        "localIdentifier": "attribute",
        "totals": Array [
          Object {
            "attributeIdentifier": "a_label.owner.department",
            "measureIdentifier": "m_aangOxLSeztu",
            "type": "sum",
          },
        ],
      },
      Object {
        "items": Array [],
        "localIdentifier": "columns",
      },
    ],
    "dimensions": Array [
      Object {
        "itemIdentifiers": Array [
          "measureGroup",
        ],
      },
      Object {
        "itemIdentifiers": Array [
          "a_label.owner.department",
        ],
      },
    ],
    "filters": Array [],
    "measures": Array [
      Object {
        "measure": Object {
          "definition": Object {
            "measureDefinition": Object {
              "item": Object {
                "identifier": "aangOxLSeztu",
                "type": "measure",
              },
            },
          },
          "localIdentifier": "m_aangOxLSeztu",
        },
      },
    ],
    "postProcessing": Object {},
    "sortBy": Array [],
    "workspace": "l32xdyl4bjuzgf9kkqr2avl55gtuyjwf",
  },
  "executionFactory": BearExecution {
    "authCall": [Function],
    "workspace": "l32xdyl4bjuzgf9kkqr2avl55gtuyjwf",
  },
}
`;

exports[`bear execution should execute with totals in columns bucket 1`] = `
BearPreparedExecution {
  "authCall": [Function],
  "definition": Object {
    "attributes": Array [
      Object {
        "attribute": Object {
          "displayForm": Object {
            "identifier": "label.owner.department",
            "type": "displayForm",
          },
          "localIdentifier": "a_label.owner.department",
        },
      },
    ],
    "buckets": Array [
      Object {
        "items": Array [
          Object {
            "measure": Object {
              "definition": Object {
                "measureDefinition": Object {
                  "item": Object {
                    "identifier": "aangOxLSeztu",
                    "type": "measure",
                  },
                },
              },
              "localIdentifier": "m_aangOxLSeztu",
            },
          },
        ],
        "localIdentifier": "measures",
      },
      Object {
        "items": Array [],
        "localIdentifier": "attribute",
      },
      Object {
        "items": Array [
          Object {
            "attribute": Object {
              "displayForm": Object {
                "identifier": "label.owner.department",
                "type": "displayForm",
              },
              "localIdentifier": "a_label.owner.department",
            },
          },
        ],
        "localIdentifier": "columns",
        "totals": Array [
          Object {
            "attributeIdentifier": "a_label.owner.department",
            "measureIdentifier": "m_aangOxLSeztu",
            "type": "sum",
          },
        ],
      },
    ],
    "dimensions": Array [
      Object {
        "itemIdentifiers": Array [
          "measureGroup",
        ],
      },
      Object {
        "itemIdentifiers": Array [
          "a_label.owner.department",
        ],
      },
    ],
    "filters": Array [],
    "measures": Array [
      Object {
        "measure": Object {
          "definition": Object {
            "measureDefinition": Object {
              "item": Object {
                "identifier": "aangOxLSeztu",
                "type": "measure",
              },
            },
          },
          "localIdentifier": "m_aangOxLSeztu",
        },
      },
    ],
    "postProcessing": Object {},
    "sortBy": Array [],
    "workspace": "l32xdyl4bjuzgf9kkqr2avl55gtuyjwf",
  },
  "executionFactory": BearExecution {
    "authCall": [Function],
    "workspace": "l32xdyl4bjuzgf9kkqr2avl55gtuyjwf",
  },
}
`;
