// Jest Snapshot v1, https://goo.gl/fbAQLP

exports[`removeDrillsForInsightWidgetHandler remove should emit the appropriate events for remove alerts and propagate correlationId 1`] = `
Array [
  Object {
    "correlationId": "testCorrelationId",
    "type": "GDC.DASH/EVT.ALERTS.REMOVED",
  },
]
`;
