// Jest Snapshot v1, https://goo.gl/fbAQLP

exports[`BarChartDescriptor should generate embedding code without context 1`] = `
"import React from \\"react\\";
import { idRef, localIdRef, newAttribute, newMeasure, newMeasureValueFilter } from \\"@gooddata/sdk-model\\";
import { BarChart } from \\"@gooddata/sdk-ui-charts\\";

const measures = [
    newMeasure(idRef(\\"aangOxLSeztu\\", \\"measure\\"), m => m.alias(\\"Custom Amount alias\\").localId(\\"m_aangOxLSeztu\\"))
];
const viewBy = [
    newAttribute(idRef(\\"label.owner.region\\", \\"displayForm\\"), a => a.alias(\\"Custom Region alias\\").localId(\\"a_label.owner.region\\"))
];
const stackBy = newAttribute(idRef(\\"label.owner.department\\", \\"displayForm\\"), a => a.alias(\\"Custom Department alias\\").localId(\\"a_label.owner.department\\"));
const filters = [
    newMeasureValueFilter(localIdRef(\\"m_aangOxLSeztu\\"), \\"GREATER_THAN_OR_EQUAL_TO\\", 42)
];
const style = { height: 400 };

function MyComponent() {
    return (
        <div style={style}>
            <BarChart
                measures={measures}
                viewBy={viewBy}
                stackBy={stackBy}
                filters={filters}
            />
        </div>
    );
}
"
`;
