// Jest Snapshot v1, https://goo.gl/fbAQLP

exports[`HeadlineDescriptor should generate embedding code without context 1`] = `
"import React from \\"react\\";
import { idRef, newMeasure } from \\"@gooddata/sdk-model\\";
import { Headline } from \\"@gooddata/sdk-ui-charts\\";

const primaryMeasure = newMeasure(idRef(\\"aangOxLSeztu\\", \\"measure\\"), m => m.alias(\\"Custom Amount alias\\").localId(\\"m_aangOxLSeztu\\"));
const secondaryMeasure = newMeasure(idRef(\\"fact.stagehistory.velocity\\", \\"fact\\"), m => m.alias(\\"Custom Velocity alias\\").localId(\\"m_fact.stagehistory.velocity_sum\\").aggregation(\\"sum\\"));
const style = { height: 400 };

function MyComponent() {
    return (
        <div style={style}>
            <Headline
                primaryMeasure={primaryMeasure}
                secondaryMeasure={secondaryMeasure}
            />
        </div>
    );
}
"
`;
