// Jest Snapshot v1, https://goo.gl/fbAQLP

exports[`rename dashboard handler for any dashboard should emit correct events 1`] = `
Array [
  Object {
    "commandType": "GDC.DASH/CMD.RENAME",
    "correlationId": "testCorrelationId",
    "type": "GDC.DASH/EVT.COMMAND.STARTED",
  },
  Object {
    "correlationId": "testCorrelationId",
    "type": "GDC.DASH/EVT.RENAMED",
  },
]
`;
