// Jest Snapshot v1, https://goo.gl/fbAQLP

exports[`save as dashboard handler for a new dashboard should emit correct events 1`] = `
Array [
  Object {
    "correlationId": "testCorrelationId",
    "type": "GDC.DASH/EVT.COPY_SAVED",
  },
]
`;
