// Jest Snapshot v1, https://goo.gl/fbAQLP

exports[`ComboChartDescriptor should generate embedding code without context 1`] = `
"import React from \\"react\\";
import { idRef, newAttribute, newMeasure } from \\"@gooddata/sdk-model\\";
import { ComboChart } from \\"@gooddata/sdk-ui-charts\\";

const primaryMeasures = [
    newMeasure(idRef(\\"aangOxLSeztu\\", \\"measure\\"), m => m.alias(\\"Custom Amount alias\\").localId(\\"m_aangOxLSeztu\\"))
];
const secondaryMeasures = [
    newMeasure(idRef(\\"fact.stagehistory.velocity\\", \\"fact\\"), m => m.alias(\\"Custom Velocity alias\\").localId(\\"m_fact.stagehistory.velocity_sum\\").aggregation(\\"sum\\"))
];
const viewBy = [
    newAttribute(idRef(\\"label.owner.region\\", \\"displayForm\\"), a => a.alias(\\"Custom Region alias\\").localId(\\"a_label.owner.region\\"))
];
const style = { height: 400 };

function MyComponent() {
    return (
        <div style={style}>
            <ComboChart
                primaryMeasures={primaryMeasures}
                secondaryMeasures={secondaryMeasures}
                viewBy={viewBy}
            />
        </div>
    );
}
"
`;
