// Jest Snapshot v1, https://goo.gl/fbAQLP

exports[`PivotTableDescriptor should generate embedding code without context 1`] = `
"import React from \\"react\\";
import { idRef, newAttribute, newAttributeSort, newMeasure, newTotal } from \\"@gooddata/sdk-model\\";
import { newWidthForAttributeColumn, PivotTable } from \\"@gooddata/sdk-ui-pivot\\";

const measures = [
    newMeasure(idRef(\\"aangOxLSeztu\\", \\"measure\\"), m => m.alias(\\"Custom Amount alias\\").localId(\\"m_aangOxLSeztu\\"))
];
const rows = [
    newAttribute(idRef(\\"label.owner.region\\", \\"displayForm\\"), a => a.alias(\\"Custom Region alias\\").localId(\\"a_label.owner.region\\")),
    newAttribute(idRef(\\"label.owner.department\\", \\"displayForm\\"), a => a.alias(\\"Custom Department alias\\").localId(\\"a_label.owner.department\\"))
];
const columns = [
    newAttribute(idRef(\\"label.activity.id.subject\\", \\"displayForm\\"), a => a.alias(\\"Custom Subject alias\\").localId(\\"a_label.activity.id.subject\\"))
];
const sortBy = [newAttributeSort(\\"a_label.owner.region\\", \\"asc\\")];
const totals = [
    newTotal(\\"sum\\", \\"m_aangOxLSeztu\\", \\"a_label.owner.region\\"),
    newTotal(\\"sum\\", \\"m_aangOxLSeztu\\", \\"a_label.owner.department\\")
];
const config = {
    columnSizing: {
        columnWidths: [
            newWidthForAttributeColumn(a_label.owner.region, 256),
            newWidthForAttributeColumn(a_label.owner.department, 180)
        ]
    }
};
const style = { height: 400 };

function MyComponent() {
    return (
        <div style={style}>
            <PivotTable
                measures={measures}
                rows={rows}
                columns={columns}
                sortBy={sortBy}
                totals={totals}
                config={config}
            />
        </div>
    );
}
"
`;
